[www.lancaster.ac.uk/index.html]
[backblue.gif]
[fade.gif]
[index.html]
[www.lancaster.ac.uk/media/wdp/style-assets/javascript/lib/loadScript0270.js]
[www.lancaster.ac.uk/media/wdp/style-assets/javascript/lib/thirdparty/jquery/jquery-3.5.1.mind472.js]
[www.lancaster.ac.uk/media/wdp/style-assets/javascript/lib/thirdparty/accessibleMegaMenu.min570c.js]
[www.lancaster.ac.uk/media/wdp/style-assets/javascript/compiled/jspm/navigation.bundle72c5.js]
[www.lancaster.ac.uk/media/lancaster-university/style-assets/images/favicon.ico]
[www.lancaster.ac.uk/media/lancaster-university/style-assets/images/apple-touch-icon.png]
[www.lancaster.ac.uk/media/wdp/style-assets/javascript/lib/thirdparty/jquery/jquery-1.12.4.min165b.js]
[cdn.polyfill.io/v2/polyfill.min70a1.js]
[www.lancaster.ac.uk/media/wdp/style-assets/javascript/lib/scriptHandler.min89a0.js]
[www.lancaster.ac.uk/media/wdp/style-assets/javascript/lib/thirdparty/jquery/jquery.unveil.min9779.js]
[www.lancaster.ac.uk/media/wdp/style-assets/javascript/compiled/jspm/lazy-load.bundle3211.js]
[www.lancaster.ac.uk/accessibility-statement/index.html]
[www.lancaster.ac.uk/privacy/website-and-cookies-privacy/cookie-settings/index.html]
[www.lancaster.ac.uk/a-z/index.html]
[www.lancaster.ac.uk/media/lancaster-university/content-assets/images/home-page/students-walking-past-sports-pitches-hero-image.11.delayed]
[www.lancaster.ac.uk/study/why-lancaster/rankings-and-reputation/index.html]
[www.lancaster.ac.uk/study/why-lancaster/colleges-and-community/index.html]
[www.lancaster.ac.uk/study/why-lancaster/index.html]
[www.lancaster.ac.uk/media/wdp/style-assets/javascript/lib/live-searchba9b.js]
[www.lancaster.ac.uk/study/why-lancaster/hello-future/index.html]
[www.lancaster.ac.uk/study/fees-and-funding/scholarships-and-bursaries/index.html]
[www.lancaster.ac.uk/study/why-lancaster/student-life/index.html]
[www.lancaster.ac.uk/study/why-lancaster/where-is-lancaster/index.html]
[www.lancaster.ac.uk/study/why-lancaster/the-campus-and-the-city/index.html]
[www.lancaster.ac.uk/study/why-lancaster/your-global-experience/index.html]
[www.lancaster.ac.uk/study/why-lancaster/wellbeing-and-support/index.html]
[www.lancaster.ac.uk/study/undergraduate/index.html]
[www.lancaster.ac.uk/media/lancaster-university/content-assets/images/foundation/placeholders/feature-550x300.png]
[www.lancaster.ac.uk/study/fees-and-funding/index.html]
[www.lancaster.ac.uk/study/undergraduate/courses/index.html]
[www.lancaster.ac.uk/study/undergraduate/how-to-apply/index.html]
[www.lancaster.ac.uk/study/undergraduate/after-you-apply/index.html]
[www.lancaster.ac.uk/media/lancaster-university/content-assets/images/study/undergraduate/Hero-StudentswalkingthroughLancaster.15.delayed]
[www.lancaster.ac.uk/study/results/index.html]
[www.lancaster.ac.uk/study/clearing/index.html]
[www.lancaster.ac.uk/study/open-days/undergraduate-open-days/index.html]
[www.lancaster.ac.uk/news/lancaster-ranked-1st-in-north-and-8th-in-england-for-student-satisfaction.html]
[www.lancaster.ac.uk/study/important-information/terms-and-conditions-for-students/index.html]
[www.lancaster.ac.uk/study/postgraduate/index.html]
[www.lancaster.ac.uk/prospectus/index.html]
[www.lancaster.ac.uk/media/lancaster-university/content-assets/images/study/undergraduate/Square-Library2020.jpg]
[www.lancaster.ac.uk/study/postgraduate/online-courses/index.html]
[www.lancaster.ac.uk/study/postgraduate/postgraduate-courses/index.html]
[www.lancaster.ac.uk/study/postgraduate/after-you-apply/index.html]
[www.lancaster.ac.uk/media/lancaster-university/content-assets/images/home-page/Green-Sustainable-Campus.jpg]
[www.lancaster.ac.uk/study/postgraduate/applying-for-postgraduate-study/index.html]
[www.lancaster.ac.uk/study/open-days/postgraduate-open-days/index.html]
[www.lancaster.ac.uk/study/postgraduate-research/index.html]
[www.lancaster.ac.uk/media/lancaster-university/content-assets/images/home-page/Leipzig-old-town-hall-Germany.jpg]
[www.lancaster.ac.uk/study/postgraduate/writing-a-research-proposal/index.html]
[www.lancaster.ac.uk/study/postgraduate-research/postgraduate-research-training/index.html]
[www.lancaster.ac.uk/study/entry-requirements/index.html]
[www.lancaster.ac.uk/study/entry-requirements/undergraduate-qualifications/index.html]
[www.lancaster.ac.uk/news/lancaster-university-ranked-26th-for-sustainability-in-new-world-league-table.html]
[www.lancaster.ac.uk/study/entry-requirements/undergraduate-english-requirements/index.html]
[www.lancaster.ac.uk/study/entry-requirements/postgraduate-qualifications/index.html]
[www.lancaster.ac.uk/study/entry-requirements/postgraduate-english-requirements/index.html]
[cisweb.lancaster.ac.uk_443/img/cwip/cisweb.lancaster.ac.uk/EventsMedia/sllancsunijun22slv2099hr-638023793728414572dbb9.jpg]
[www.lancaster.ac.uk/study/connect/index.html]
[www.lancaster.ac.uk/study/entry-requirements/pre-sessional-english-language-courses/index.html]
[www.lancaster.ac.uk/study/international-students/index.html]
[www.lancaster.ac.uk/study/international-students/pathway-programmes/index.html]
[www.lancaster.ac.uk/news/we-need-to-stop-thinking-of-insects-as-creepy-crawlies-and-recognise-their-keystone-role-in-ecosystems-say-scientists.html]
[www.lancaster.ac.uk/study/international-students/visiting-students/index.html]
[www.lancaster.ac.uk/study/international-students/global-summer-schools/index.html]
[cisweb.lancaster.ac.uk_443/img/cwip/cisweb.lancaster.ac.uk/EventsMedia/insects-web-montage-638023785507304844dc23.jpg]
[www.lancaster.ac.uk/study/international-students/visa-support/index.html]
[www.lancaster.ac.uk/study/international-students/study-start/index.html]
[www.lancaster.ac.uk/study/international-students/pre-departure/index.html]
[www.lancaster.ac.uk/study/international-students/find-an-agent/index.html]
[www.lancaster.ac.uk/news/investigating-the-impact-of-family-drug-and-alcohol-courts-on-parental-offending.html]
[www.lancaster.ac.uk/study/global-experiences/index.html]
[www.lancaster.ac.uk/study/global-experiences/study-abroad-outgoing/index.html]
[www.lancaster.ac.uk/study/global-experiences/your-global-experience/vacation-travel/index.html]
[cisweb.lancaster.ac.uk_443/img/cwip/cisweb.lancaster.ac.uk/EventsMedia/judith-harwin-new-grant-638017782921171092dc23.jpg]
[www.lancaster.ac.uk/study/free-courses/index.html]
[www.lancaster.ac.uk/study/cpd/index.html]
[www.lancaster.ac.uk/research/index.html]
[www.lancaster.ac.uk/research/this-is-lancaster-podcast/index.html]
[www.lancaster.ac.uk/news/lancaster-arts-returns-this-week.html]
[www.lancaster.ac.uk/research/ref-2021/index.html]
[www.lancaster.ac.uk/research/research-services/index.html]
[www.lancaster.ac.uk/research/researcher-development/index.html]
[cisweb.lancaster.ac.uk_443/img/cwip/cisweb.lancaster.ac.uk/EventsMedia/justin-adams-and-mauro-638017965839305281.2177e4.delayed]
[www.lancaster.ac.uk/research/participate-in-research/index.html]
[www.lancaster.ac.uk/arts-and-social-sciences/research/index.html]
[www.lancaster.ac.uk/research/research-enterprise-services/index.html]
[www.lancaster.ac.uk/news/new-study-shows-working-women-at-sharp-end-of-cost-of-living-crisis-with-26-trapped-in-severely-insecure-work.html]
[www.lancaster.ac.uk/lums/research/index.html]
[www.lancaster.ac.uk/health-and-medicine/research/index.html]
[www.lancaster.ac.uk/sci-tech/research/index.html]
[cisweb.lancaster.ac.uk_443/img/cwip/cisweb.lancaster.ac.uk/EventsMedia/wf-gender-insecurity-study-pic-pexels-liliana-drew-1-638017106892459590b6dd.jpg]
[www.lancaster.ac.uk/dsi/index.html]
[www.lancaster.ac.uk/health-innovation/index.html]
[www.lancaster.ac.uk/materials-science-institute/index.html]
[www.lancaster.ac.uk/security-lancaster/index.html]
[www.lancaster.ac.uk/social-futures/index.html]
[www.lancaster.ac.uk/news/millions-of-people-are-missing-out-on-their-fair-share-of-the-424-billion-aquatic-food-industry.html]
[www.lancaster.ac.uk/future-cities/index.html]
[www.lancaster.ac.uk/research/doctoral-academy/index.html]
[www.lancaster.ac.uk/research/doctoral-academy/doctoral-training-centres/index.html]
[cisweb.lancaster.ac.uk_443/img/cwip/cisweb.lancaster.ac.uk/EventsMedia/blue-foods-paper-supplied-by-blue-foods-assesment-free-to-use-6380169105013726393bf4.jpg]
[www.lancaster.ac.uk/sustainability/index.html]
[www.lancaster.ac.uk/business/index.html]
[www.lancaster.ac.uk/sustainability/sustainability-strategy/index.html]
[www.lancaster.ac.uk/media/wdp/style-assets/javascript/compiled/jspm/carousel.bundle61a5.js]
[www.lancaster.ac.uk/sustainability/sustainability-strategy/policies/index.html]
[www.lancaster.ac.uk/sustainability/sustainability-strategy/people/index.html]
[www.lancaster.ac.uk/sustainability/sustainability-strategy/un-sustainable-development-goals/index.html]
[www.lancaster.ac.uk/sustainability/action/index.html]
[www.lancaster.ac.uk/sustainability/action/energy-and-carbon/index.html]
[www.lancaster.ac.uk/media/wdp/style-assets/javascript/lib/thirdparty/jquery/jquery.sticky.min.279779.delayed]
[www.lancaster.ac.uk/sustainability/action/green-campus/index.html]
[www.lancaster.ac.uk/sustainability/action/our-values/index.html]
[www.lancaster.ac.uk/sustainability/action/recycling-and-waste/index.html]
[www.lancaster.ac.uk/media/wdp/style-assets/javascript/lib/thirdparty/foundation-6.5.3.mindccf.js]
[www.lancaster.ac.uk/sustainability/learning/index.html]
[www.lancaster.ac.uk/sustainability/action/sustainable-food/index.html]
[www.lancaster.ac.uk/sustainability/action/travel/index.html]
[www.lancaster.ac.uk/sustainability/learning/research/index.html]
[www.lancaster.ac.uk/media/wdp/style-assets/javascript/lib/thirdparty/slick-custom.mine7ea.js]
[www.lancaster.ac.uk/sustainability/get-involved/index.html]
[www.lancaster.ac.uk/sustainability/get-involved/community-benefits-fund/index.html]
[www.lancaster.ac.uk/media/wdp/style-assets/javascript/compiled/jspm/foundationFooter.bundlee451.js]
[www.lancaster.ac.uk/index.html]
[www.lancaster.ac.uk/sustainability/get-involved/cop27/index.html]
[www.lancaster.ac.uk/sustainability/get-involved/green-lancaster/index.html]
[www.lancaster.ac.uk/sustainability/get-involved/staff/index.html]
[www.lancaster.ac.uk/sustainability/get-involved/students/index.html]
[www.lancaster.ac.uk/about-us/index.html]
[www.lancaster.ac.uk/global-lancaster/index.html]
[www.lancaster.ac.uk/academic-standards-and-quality/index.html]
[www.lancaster.ac.uk/strategic-planning-and-governance/governance/index.html]
[www.lancaster.ac.uk/about-us/income-and-expenditure/index.html]
[www.lancaster.ac.uk/strategic-planning-and-governance/strategic-plan/index.html]
[www.lancaster.ac.uk/study/partners/index.html]
[www.lancaster.ac.uk/about-us/term-dates/index.html]
[www.lancaster.ac.uk/leadership/index.html]
[www.lancaster.ac.uk/accommodation/index.html]
[www.lancaster.ac.uk/facilities/index.html]
[www.lancaster.ac.uk/media/lancaster-university/style-assets/images/slimbox/loading.gif]
[www.lancaster.ac.uk/study/why-lancaster/the-campus-and-the-city/city/index.html]
[www.lancaster.ac.uk/about-us/colleges/index.html]
[www.lancaster.ac.uk/faculties-and-departments/index.html]
[www.lancaster.ac.uk/media/wdp/style-assets/images/foundation/bowland-silhouette.png]
[www.lancaster.ac.uk/library/index.html]
[www.lancaster.ac.uk/about-us/our-campus/index.html]
[www.lancaster.ac.uk/sport/index.html]
[www.lancaster.ac.uk/media/wdp/style-assets/images/foundation/cartmel-silhouette.png]
[www.lancaster.ac.uk/library/visit/index.html]
[www.lancaster.ac.uk/careers/index.html]
[www.lancaster.ac.uk/news/social-media/index.html]
[www.lancaster.ac.uk/schools-and-colleges/index.html]
[www.lancaster.ac.uk/media/wdp/style-assets/images/foundation/county-silhouette.png]
[www.lancaster.ac.uk/widening-participation/index.html]
[www.lancaster.ac.uk/about-us/contact-us/index.html]
[www.lancaster.ac.uk/conferences/index.html]
[www.lancaster.ac.uk/media/wdp/style-assets/images/foundation/furness-silhouette.png]
[www.lancaster.ac.uk/about-us/maps-and-travel/index.html]
[www.lancaster.ac.uk/news/index.html]
[www.lancaster.ac.uk/study/open-days/index.html]
[www.lancaster.ac.uk/media/wdp/style-assets/images/foundation/fylde-silhouette.33.delayed]
[www.lancaster.ac.uk/virtual-tour/index.html]
[www.lancaster.ac.uk/alumni/alumni-document-ordering/index.html]
[www.lancaster.ac.uk/alumni/index.html]
[www.lancaster.ac.uk/media/wdp/style-assets/images/foundation/grizedale-silhouette.png]
[www.lancaster.ac.uk/events/index.html]
[www.lancaster.ac.uk/alumni/your-alumni-network/index.html]
[www.lancaster.ac.uk/alumni/news/index.html]
[www.lancaster.ac.uk/alumni/volunteer/index.html]
[www.lancaster.ac.uk/media/wdp/style-assets/images/foundation/lonsdale-silhouette.35.delayed]
[www.lancaster.ac.uk/giving/index.html]
[www.lancaster.ac.uk/giving/donate/index.html]
[www.lancaster.ac.uk/giving/our-philanthropists/index.html]
[www.lancaster.ac.uk/graduation/index.html]
[www.lancaster.ac.uk/media/wdp/style-assets/images/foundation/pendle-silhouette.png]
[www.lancaster.ac.uk/graduation/before-graduation/index.html]
[www.lancaster.ac.uk/graduation/graduation-day/index.html]
[www.lancaster.ac.uk/graduation/when-will-i-graduate/index.html]
[www.lancaster.ac.uk/study/chat/index.html]
[www.lancaster.ac.uk/media/wdp/style-assets/images/foundation/lu-lion-new.png]
[www.lancaster.ac.uk/health-and-medicine/index.html]
[www.lancaster.ac.uk/sci-tech/index.html]
[www.lancaster.ac.uk/media/lancaster-university/style-assets/images/btn-arrow-red.png]
[www.lancaster.ac.uk/lums/index.html]
[www.lancaster.ac.uk/work-foundation/index.html]
[www.lancaster.ac.uk/wechat/index.html]
[www.lancaster.ac.uk/media/lancaster-university/style-assets/images/aboutus/blockquote-left.png]
[www.lancaster.ac.uk/strategic-planning-and-governance/legalnotice/index.html]
[www.lancaster.ac.uk/arts-and-social-sciences/index.html]
[www.lancaster.ac.uk/freedom-of-information/index.html]
[www.lancaster.ac.uk/privacy/index.html]
[www.lancaster.ac.uk/media/lancaster-university/style-assets/images/icon-email.png]
[www.lancaster.ac.uk/media/lancaster-university/style-assets/images/icon-phone.png]
[www.lancaster.ac.uk/media/lancaster-university/style-assets/images/icon-location.png]
[www.lancaster.ac.uk/media/lancaster-university/style-assets/css/styles.min3151.css]
[www.lancaster.ac.uk/media/wdp/style-assets/fonts/lexia_std_rg.woff]
[www.lancaster.ac.uk/media/wdp/style-assets/fonts/lexia_std_bd-font.woff]
[www.lancaster.ac.uk/media/wdp/style-assets/fonts/lexia_std_blk-font.woff]
[www.lancaster.ac.uk/media/wdp/style-assets/fonts/lexia_std_it-font.woff]
[www.lancaster.ac.uk/media/lancaster-university/style-assets/fonts/lexia_std_lt-webfont.eot]
[www.lancaster.ac.uk/media/lancaster-university/style-assets/fonts/lexia_std_lt-webfontd41d.eot]
[www.lancaster.ac.uk/media/lancaster-university/style-assets/fonts/lexia_std_lt-webfont.woff]
[www.lancaster.ac.uk/media/lancaster-university/style-assets/fonts/lexia_std_ltit-webfont.eot]
[www.lancaster.ac.uk/media/lancaster-university/style-assets/fonts/lexia_std_ltit-webfontd41d.eot]
[www.lancaster.ac.uk/media/lancaster-university/style-assets/fonts/lexia_std_ltit-webfont.woff]
[www.lancaster.ac.uk/media/wdp/style-assets/fonts/effra_std_rg-font.woff]
[www.lancaster.ac.uk/media/wdp/style-assets/fonts/effra_std_bd-font.woff]
[www.lancaster.ac.uk/media/wdp/style-assets/fonts/effra_std_lt-font.woff]
[www.lancaster.ac.uk/media/lancaster-university/style-assets/css/font-face3090.css]
[www.googletagmanager.com/gtm5445.html]
[www.lancaster.ac.uk/media/lancaster-university/content-assets/images/accessibility/statements-header.jpg]
[www.lancaster.ac.uk/accessibility-statement/index.html]
[www.lancaster.ac.uk/privacy/website-and-cookies-privacy/cookie-settings/index.html]
[www.lancaster.ac.uk/accessibility-statement/university-website/index.html]
[www.lancaster.ac.uk/media/wdp/style-assets/images/foundation/lu-shield.svg]
[www.lancaster.ac.uk/accessibility-statement/moodle/index.html]
[www.lancaster.ac.uk/accessibility-statement/other-websites/index.html]
[www.lancaster.ac.uk/current-staff/index.html]
[www.lancaster.ac.uk/edi/index.html]
[www.lancaster.ac.uk/disability-and-inclusion-services/index.html]
[www.lancaster.ac.uk/accessibility-statement/intranet-and-portal/index.html]
[www.lancaster.ac.uk/accessibility-statement/other-applications/index.html]
[www.lancaster.ac.uk/accessibility-regulations/index.html]
[www.lancaster.ac.uk/media/lancaster-university/content-assets/documents/maps/campus-map.pdf]
[www.lancaster.ac.uk/accessibility-statement/concerns-complaints-enforcement/index.html]
[www.lancaster.ac.uk/privacy/website-and-cookies-privacy/index.html]
[www.lancaster.ac.uk/lums/our-departments/accounting-and-finance/index.html]
[www.lancaster.ac.uk/health-and-medicine/research/c4ar/index.html]
[www.lancaster.ac.uk/lica/architecture/index.html]
[www.lancaster.ac.uk/lica/undergraduate/fine-art/index.html]
[www.lancaster.ac.uk/biosciences/index.html]
[www.lancaster.ac.uk/biomedical-and-life-sciences/index.html]
[www.lancaster.ac.uk/sustainability/action/travel/parking/index.html]
[www.lancaster.ac.uk/bowland/index.html]
[www.lancaster.ac.uk/accommodation/undergraduate/catered-accommodation/index.html]
[www.lancaster.ac.uk/eat/food-dining/index.html]
[www.lancaster.ac.uk/cartmel/index.html]
[www.lancaster.ac.uk/health-and-medicine/research/cedr/index.html]
[www.lancaster.ac.uk/health-and-medicine/research/cohwb/index.html]
[www.lancaster.ac.uk/lums/business/executive-education/index.html]
[www.lancaster.ac.uk/chaplaincy/index.html]
[www.lancaster.ac.uk/chemistry/index.html]
[www.lancaster.ac.uk/cemore/index.html]
[www.lancaster.ac.uk/current-staff/communications-and-marketing/index.html]
[www.lancaster.ac.uk/strategic-planning-and-governance/student-complaints/index.html]
[www.lancaster.ac.uk/iss/index.html]
[www.lancaster.ac.uk/scc/index.html]
[www.lancaster.ac.uk/english-literature-and-creative-writing/index.html]
[www.lancaster.ac.uk/a-z/index.html]
[www.lancaster.ac.uk/lums/our-departments/economics/index.html]
[www.lancaster.ac.uk/lica/index.html]
[www.lancaster.ac.uk/media/wdp/style-assets/images/logos/lu-logo.svg]
[www.lancaster.ac.uk/county/index.html]
[www.lancaster.ac.uk/lica/undergraduate/design/index.html]
[www.lancaster.ac.uk/engineering/index.html]
[www.lancaster.ac.uk/educational-research/index.html]
[www.lancaster.ac.uk/lums/our-departments/entrepreneurship-and-strategy/index.html]
[www.lancaster.ac.uk/media/lancaster-university/content-assets/images/study/undergraduate/JumboXL-StudentinLUMSPavillion.jpg]
[www.lancaster.ac.uk/research/research-services/research-integrity-ethics--governance/index.html]
[www.lancaster.ac.uk/lec/index.html]
[www.lancaster.ac.uk/environmental-science/index.html]
[www.lancaster.ac.uk/finance/index.html]
[www.lancaster.ac.uk/eat/index.html]
[www.lancaster.ac.uk/media/lancaster-university/content-assets/images/study/undergraduate/Arrow-GreenwallintheLibrary.6d.delayed]
[www.lancaster.ac.uk/furness/index.html]
[www.lancaster.ac.uk/geography/index.html]
[www.lancaster.ac.uk/fylde/index.html]
[www.lancaster.ac.uk/media/lancaster-university/content-assets/images/study/undergraduate/Arrow-StudentsataBarbecue.jpg]
[www.lancaster.ac.uk/grizedale/index.html]
[www.lancaster.ac.uk/graduate-college/index.html]
[www.lancaster.ac.uk/health-and-medicine/research/statistics/index.html]
[www.lancaster.ac.uk/health-and-medicine/dhr/index.html]
[www.lancaster.ac.uk/media/lancaster-university/content-assets/images/study/undergraduate/Arrow-Careers.jpg]
[www.lancaster.ac.uk/about-us/our-campus/health-services/index.html]
[www.lancaster.ac.uk/educational-research/research/centre-for-higher-education-research-and-evaluation/index.html]
[www.lancaster.ac.uk/history/index.html]
[www.lancaster.ac.uk/scc/business/index.html]
[www.lancaster.ac.uk/media/lancaster-university/content-assets/images/study/undergraduate/Arrow-Studentinahalooflight.70.delayed]
[www.lancaster.ac.uk/strategic-planning-and-governance/publication-scheme/index.html]
[www.lancaster.ac.uk/health-and-medicine/research/ioelc/index.html]
[www.lancaster.ac.uk/lums/about-us/life-at-lums/index.html]
[www.lancaster.ac.uk/lms/index.html]
[www.lancaster.ac.uk/languages-and-cultures/index.html]
[www.lancaster.ac.uk/law/index.html]
[www.lancaster.ac.uk/study/why-lancaster/index.html]
[www.lancaster.ac.uk/lonsdale/index.html]
[www.lancaster.ac.uk/lums/our-departments/management-science/index.html]
[www.lancaster.ac.uk/linguistics/index.html]
[www.lancaster.ac.uk/lums/our-departments/index.html]
[www.lancaster.ac.uk/academic-standards-and-quality/regulations-policies-and-committees/manual-of-academic-regulations-and-procedures/index.html]
[www.lancaster.ac.uk/lums/our-departments/marketing/index.html]
[www.lancaster.ac.uk/media/lancaster-university/content-assets/images/study/undergraduate/JumboXL-StudentsbygreenwallinLibrary.73.delayed]
[www.lancaster.ac.uk/maths/index.html]
[www.lancaster.ac.uk/lums/postgraduate/mba/the-lancaster-mba/index.html]
[www.lancaster.ac.uk/lums/postgraduate/mba/executive-mba/index.html]
[www.lancaster.ac.uk/media/lancaster-university/content-assets/documents/strategic-planning--governance/publication-scheme/5-our-policies-and-procedures/Modern-Slavery-Act.64.delaye]
[www.lancaster.ac.uk/natural-sciences/index.html]
[www.lancaster.ac.uk/lums/our-departments/organisation-work-and-technology/index.html]
[www.lancaster.ac.uk/od-and-ed/index.html]
[www.lancaster.ac.uk/media/lancaster-university/content-assets/images/study/undergraduate/Arrow-2021ConfusciusCentre.74.delayed]
[www.lancaster.ac.uk/pendle/index.html]
[www.lancaster.ac.uk/poe/index.html]
[www.lancaster.ac.uk/ppr/index.html]
[www.lancaster.ac.uk/data-analytics/index.html]
[www.lancaster.ac.uk/media/lancaster-university/content-assets/images/study/undergraduate/Gallery-Research-PhysicsIsolab.jpg]
[www.lancaster.ac.uk/physics/index.html]
[www.lancaster.ac.uk/pre-school/index.html]
[www.lancaster.ac.uk/news/contact-the-press-office/index.html]
[www.lancaster.ac.uk/media/lancaster-university/content-assets/images/study/undergraduate/Gallery-ResearchinFASS.jpg]
[www.lancaster.ac.uk/strategic-planning-and-governance/records-management/index.html]
[www.lancaster.ac.uk/procurement/index.html]
[www.lancaster.ac.uk/psychology/index.html]
[www.lancaster.ac.uk/privacy/rights-of-the-data-subject/index.html]
[www.lancaster.ac.uk/media/lancaster-university/content-assets/images/study/undergraduate/Gallery-Research-AccountingandFinance.jpg]
[www.lancaster.ac.uk/the-ruskin/index.html]
[www.lancaster.ac.uk/regional-heritage-centre/index.html]
[www.lancaster.ac.uk/facilities/security/index.html]
[unpkg.com/vue@2.6.10/dist/vue.js]
[www.lancaster.ac.uk/sociology/index.html]
[www.lancaster.ac.uk/strategic-planning-and-governance/index.html]
[www.lancaster.ac.uk/media/lancaster-university/content-assets/documents/strategic-planning--governance/publication-scheme/5-our-policies-and-procedures/Student-Discipline-Regulatio]
[www.lancaster.ac.uk/media/wdp/style-assets/javascript/compiled/vue/multimedia-gallery.bundlefcda.js]
[www.lancaster.ac.uk/privacy/subject-access/index.html]
[www.lancaster.ac.uk/lica/undergraduate/theatre/index.html]
[www.lancaster.ac.uk/study/index.html]
[www.lancaster.ac.uk/news/lancaster-wins-national-award-for-widening-access.html]
[www.lancaster.ac.uk/study/expression-of-interest/index.html]
[www.lancaster.ac.uk/media/lancaster-university/content-assets/images/study/why-lancaster/Alexandra-square.jpg]
[www.lancaster.ac.uk/media/lancaster-university/content-assets/images/study/undergraduate/Arrow-Twomalestudentsinstudentaccommodation.jpg]
[www.lancaster.ac.uk/news/lancaster-university-student-accommodation-wins-national-award.html]
[www.lancaster.ac.uk/media/lancaster-university/content-assets/images/study/undergraduate/FeatureBox-StudentsataBarbecue.jpg]
[www.lancaster.ac.uk/media/lancaster-university/content-assets/images/study/undergraduate/FeatureBox-Careers.jpg]
[www.lancaster.ac.uk/media/lancaster-university/content-assets/images/study/undergraduate/FeatureBox-Studentinahalooflight.jpg]
[www.lancaster.ac.uk/media/lancaster-university/content-assets/images/study/undergraduate/FeatureBox-StudentsinaCollegedeckchair.jpg]
[www.lancaster.ac.uk/media/lancaster-university/content-assets/images/study/undergraduate/FeatureBox-StudentsbyCastlewithAshtonMemorialinbackground.jpg]
[www.lancaster.ac.uk/media/lancaster-university/content-assets/images/study/undergraduate/FeatureBox-Studentswalkbynewlecturetheatre.jpg]
[www.lancaster.ac.uk/media/lancaster-university/content-assets/images/study/undergraduate/FeatureBox-PendleBar.jpg]
[www.lancaster.ac.uk/media/lancaster-university/content-assets/images/study/undergraduate/FeatureBox-Wellbeingandsupport.jpg]
[www.lancaster.ac.uk/study/why-lancaster/rankings-and-reputation/index.html]
[www.lancaster.ac.uk/media/lancaster-university/content-assets/images/study/undergraduate/JumboXL-Studentsatabarbecue2.jpg]
[www.lancaster.ac.uk/media/lancaster-university/content-assets/images/study/undergraduate/SimpleImage-Jivedancesociety.jpg]
[www.lancaster.ac.uk/media/lancaster-university/content-assets/images/study/undergraduate/Gallery-Colleges-Atree.jpg]
[www.lancaster.ac.uk/media/lancaster-university/content-assets/images/study/undergraduate/Gallery-Colleges-Emily.jpg]
[www.lancaster.ac.uk/study/why-lancaster/colleges-and-community/index.html]
[www.lancaster.ac.uk/media/lancaster-university/content-assets/images/study/undergraduate/JumboXL-Careers-1.jpg]
[www.lancaster.ac.uk/media/lancaster-university/content-assets/images/study/undergraduate/Gallery-KelseyRobb.jpg]
[www.lancaster.ac.uk/study/why-lancaster/hello-future/securing-a-career-after-graduation/index.html]
[www.lancaster.ac.uk/media/lancaster-university/content-assets/images/study/undergraduate/Gallery-SophieAu.jpg]
[www.lancaster.ac.uk/media/lancaster-university/content-assets/images/study/undergraduate/Gallery-TobyConnell-Cooke.jpg]
[www.lancaster.ac.uk/media/lancaster-university/content-assets/images/study/undergraduate/Gallery-MaddyWorkExperience.jpg]
[www.lancaster.ac.uk/study/why-lancaster/hello-future/work-placement-case-study/index.html]
[www.lancaster.ac.uk/digital-ambassadors/finding-a-job-at-lancaster/index.html]
[www.lancaster.ac.uk/media/lancaster-university/content-assets/images/study/undergraduate/SimpleImage-Laughingstudent.jpg]
[www.lancaster.ac.uk/media/lancaster-university/content-assets/images/study/undergraduate/FeatureBox-StudentsbygreenwallinLibrary.jpg]
[www.lancaster.ac.uk/study/why-lancaster/hello-future/index.html]
[www.lancaster.ac.uk/media/lancaster-university/content-assets/images/study/undergraduate/JumboXL-Studentinahalooflight.jpg]
[www.lancaster.ac.uk/study/fees-and-funding/scholarships-and-bursaries/index.html]
[www.lancaster.ac.uk/media/lancaster-university/content-assets/images/study/undergraduate/JumboXL-StudentsinaCollegedeckchair.jpg]
[www.lancaster.ac.uk/study/fees-and-funding/scholarships-and-bursaries/lancaster-scholarship/index.html]
[www.lancaster.ac.uk/study/fees-and-funding/scholarships-and-bursaries/lancaster-opportunity-scholarship/index.html]
[www.lancaster.ac.uk/study/fees-and-funding/scholarships-and-bursaries/global-scholarship/index.html]
[www.lancaster.ac.uk/study/fees-and-funding/scholarships-and-bursaries/lancaster-bursary/index.html]
[www.lancaster.ac.uk/media/lancaster-university/content-assets/images/study/undergraduate/SimpleImage-WaroftheRoses1.jpg]
[www.lancaster.ac.uk/study/fees-and-funding/scholarships-and-bursaries/faculty-scholarships/index.html]
[www.lancaster.ac.uk/study/fees-and-funding/scholarships-and-bursaries/lancaster-sanctuary-scholarship/index.html]
[www.lancaster.ac.uk/study/fees-and-funding/scholarships-and-bursaries/masters-scholarship/index.html]
[www.lancaster.ac.uk/media/lancaster-university/content-assets/images/study/undergraduate/SimpleImage-StudentsatLancasterCastle(1).jpg]
[www.lancaster.ac.uk/study/fees-and-funding/scholarships-and-bursaries/business-masters-scholarship/index.html]
[www.lancaster.ac.uk/study/why-lancaster/student-life/index.html]
[www.lancaster.ac.uk/study/fees-and-funding/scholarships-and-bursaries/funded-phd-opportunities/index.html]
[www.lancaster.ac.uk/study/fees-and-funding/scholarships-and-bursaries/china-scholarships-council/index.html]
[www.lancaster.ac.uk/study/fees-and-funding/scholarships-and-bursaries/alumni-loyalty-scholarship/index.html]
[www.lancaster.ac.uk/study/fees-and-funding/scholarships-and-bursaries/great-scholarships/index.html]
[www.lancaster.ac.uk/study/fees-and-funding/scholarships-and-bursaries/chevening-scholarships/index.html]
[www.lancaster.ac.uk/media/lancaster-university/content-assets/images/study/undergraduate/JumboXL-StudentsbyCastlewithAshtonMemorialinbackground.jpg]
[www.lancaster.ac.uk/study/fees-and-funding/scholarships-and-bursaries/commonwealth-scholarships/index.html]
[www.lancaster.ac.uk/study/fees-and-funding/scholarships-and-bursaries/fulbright-award/index.html]
[www.lancaster.ac.uk/study/fees-and-funding/scholarships-and-bursaries/lancaster-university-scholarship/index.html]
[www.lancaster.ac.uk/study/fees-and-funding/scholarships-and-bursaries/lancaster-eu-transition-scholarship/index.html]
[www.lancaster.ac.uk/media/lancaster-university/content-assets/images/study/undergraduate/SimpleImage-UKMapv3.jpg]
[www.lancaster.ac.uk/study/fees-and-funding/scholarships-and-bursaries/warm-welcome-scholarship/index.html]
[www.lancaster.ac.uk/study/contact-us/index.html]
[www.lancaster.ac.uk/eat/outlets/index.html]
[www.lancaster.ac.uk/media/lancaster-university/content-assets/images/study/undergraduate/Gallery-ForestofBowland.jpg]
[www.lancaster.ac.uk/media/lancaster-university/content-assets/images/study/undergraduate/Gallery-LakeDistrict2.jpg]
[www.lancaster.ac.uk/media/lancaster-university/content-assets/images/study/undergraduate/Gallery-Liverpool.jpg]
[www.lancaster.ac.uk/media/lancaster-university/content-assets/images/study/undergraduate/Gallery-Yorkshire.jpg]
[www.lancaster.ac.uk/media/lancaster-university/content-assets/images/study/undergraduate/Gallery-ManchesterUnited.jpg]
[www.lancaster.ac.uk/media/lancaster-university/content-assets/images/study/undergraduate/Gallery-Blackpool.jpg]
[www.lancaster.ac.uk/media/lancaster-university/content-assets/images/study/undergraduate/SimpleImage-LancasterMarket.jpg]
[www.lancaster.ac.uk/study/why-lancaster/where-is-lancaster/index.html]
[www.lancaster.ac.uk/media/lancaster-university/content-assets/images/study/undergraduate/JumboXL-Studentswalkbynewlecturetheatre.jpg]
[www.lancaster.ac.uk/media/lancaster-university/content-assets/images/study/undergraduate/SimpleImage-Accommodation2022.jpg]
[www.lancaster.ac.uk/media/lancaster-university/content-assets/images/study/undergraduate/SimpleImage-Library2022.jpg]
[www.lancaster.ac.uk/digital-ambassadors/making-a-home-away-from-home/index.html]
[www.lancaster.ac.uk/media/lancaster-university/content-assets/images/study/undergraduate/Gallery-SportsCentreClimbingWall.jpg]
[www.lancaster.ac.uk/media/lancaster-university/content-assets/images/study/undergraduate/Gallery-PendleBar.jpg]
[www.lancaster.ac.uk/media/lancaster-university/content-assets/images/study/undergraduate/Gallery-CollegeBar.jpg]
[www.lancaster.ac.uk/media/lancaster-university/content-assets/images/study/undergraduate/Gallery-WoodlandWalk.jpg]
[www.lancaster.ac.uk/media/lancaster-university/content-assets/images/study/undergraduate/Gallery-Chaplaincy.jpg]
[www.lancaster.ac.uk/study/why-lancaster/the-campus-and-the-city/index.html]
[www.lancaster.ac.uk/digital-ambassadors/my-favourite-places/index.html]
[www.lancaster.ac.uk/digital-ambassadors/lancaster-through-the-year/index.html]
[www.lancaster.ac.uk/study/open-days/campus-tours/index.html]
[www.lancaster.ac.uk/media/lancaster-university/content-assets/images/study/undergraduate/JumboXL-PendleBar.jpg]
[www.lancaster.ac.uk/media/lancaster-university/content-assets/images/study/undergraduate/Gallery-GlobalExperiences-DianaFieldTrips.jpg]
[www.lancaster.ac.uk/media/lancaster-university/content-assets/images/study/undergraduate/Gallery-GlobalExperiences-Anesusstory.jpg]
[www.lancaster.ac.uk/study/why-lancaster/your-global-experience/a-world-for-diana/index.html]
[www.lancaster.ac.uk/media/lancaster-university/content-assets/images/study/undergraduate/Gallery-GlobalExperiences-DanielFieldTrips.jpg]
[www.lancaster.ac.uk/media/lancaster-university/content-assets/images/study/undergraduate/Gallery-GlobalExperiences-Amsterdam.jpg]
[www.lancaster.ac.uk/study/why-lancaster/your-global-experience/index.html]
[www.lancaster.ac.uk/study/why-lancaster/your-global-experience/daniels-global-experience/index.html]
[www.lancaster.ac.uk/study/why-lancaster/your-global-experience/olivers-global-experience/index.html]
[www.lancaster.ac.uk/media/lancaster-university/content-assets/images/study/undergraduate/JumboXL-Wellbeingandsupport.jpg]
[www.lancaster.ac.uk/media/lancaster-university/content-assets/images/study/why-lancaster/Arrow-Mujahid.jpg]
[www.lancaster.ac.uk/digital-ambassadors/mental-health-works/index.html]
[www.lancaster.ac.uk/media/lancaster-university/content-assets/images/study/undergraduate/Arrow-ChaplaincyCentre.jpg]
[www.lancaster.ac.uk/study/why-lancaster/wellbeing-and-support/index.html]
[www.lancaster.ac.uk/study/why-lancaster/wellbeing-and-support/a-place-for-mujahid/index.html]
[www.lancaster.ac.uk/media/lancaster-university/content-assets/images/study/undergraduate/Jumbo-LibraryGreenWall.jpg]
[www.lancaster.ac.uk/media/lancaster-university/content-assets/images/study/undergraduate/Square-TwostudentssatonabenchinBowlandQuad.jpg]
[www.lancaster.ac.uk/media/lancaster-university/content-assets/images/study/undergraduate/Arrow-Accommodation.jpg]
[www.lancaster.ac.uk/study/undergraduate/courses/a-z/index.html]
[www.lancaster.ac.uk/media/lancaster-university/content-assets/images/study/undergraduate/2020-library-students-arrow.jpg]
[www.lancaster.ac.uk/study/undergraduate/index.html]
[www.lancaster.ac.uk/media/lancaster-university/content-assets/images/lica/homepage-carousel/Homepage-Banner-ART.jpg]
[www.lancaster.ac.uk/study/undergraduate/courses/index.html]
[www.lancaster.ac.uk/study/undergraduate/courses/accounting-and-finance-industry-bsc-hons-n401/index.html]
[www.lancaster.ac.uk/study/undergraduate/courses/accounting-and-management-bsc-hons-nn24/index.html]
[www.lancaster.ac.uk/study/undergraduate/courses/accounting-and-finance-bsc-hons-n400/index.html]
[www.lancaster.ac.uk/study/fees-and-funding/index.html]
[www.lancaster.ac.uk/study/undergraduate/courses/accounting-and-management-industry-bsc-hons-nn25/index.html]
[www.lancaster.ac.uk/study/undergraduate/courses/accounting-finance-and-mathematics-bsc-hons-ng41/index.html]
[www.lancaster.ac.uk/study/undergraduate/courses/accounting-finance-and-mathematics-industry-bsc-hons-ng42/index.html]
[www.lancaster.ac.uk/study/undergraduate/courses/economics-and-finance-bsc-hons-nl31/index.html]
[www.lancaster.ac.uk/study/undergraduate/courses/economics-and-finance-industry-bsc-hons-nl32/index.html]
[www.lancaster.ac.uk/study/undergraduate/courses/finance-industry-bsc-hons-n301/index.html]
[www.lancaster.ac.uk/study/undergraduate/courses/financial-mathematics-bsc-hons-gn13/index.html]
[www.lancaster.ac.uk/study/undergraduate/courses/finance-bsc-hons-n300/index.html]
[www.lancaster.ac.uk/media/lancaster-university/content-assets/documents/admissions/Mitigating-or-exceptional-circumstances-form.b3.delayed]
[www.lancaster.ac.uk/study/undergraduate/how-to-apply/index.html]
[www.lancaster.ac.uk/study/undergraduate/courses/architecture-ba-hons-k100/index.html]
[www.lancaster.ac.uk/study/undergraduate/courses/financial-mathematics-msci-hons-gn1h/index.html]
[www.lancaster.ac.uk/study/undergraduate/courses/financial-mathematics-placement-year-bsc-hons-gn1j/index.html]
[www.lancaster.ac.uk/study/undergraduate/after-you-apply/index.html]
[www.lancaster.ac.uk/study/undergraduate/courses/biochemistry-bsc-hons-c700/index.html]
[www.lancaster.ac.uk/study/undergraduate/courses/biochemistry-placement-year-bsc-hons-c707/index.html]
[www.lancaster.ac.uk/study/undergraduate/courses/biochemistry-study-abroad-bsc-hons-c710/index.html]
[www.lancaster.ac.uk/study/undergraduate/courses/biochemistry-msci-hons-c706/index.html]
[www.lancaster.ac.uk/media/lancaster-university/content-assets/images/study/2018-ug-campaign/students-in-alexandra-square-hero-image.jpg]
[www.lancaster.ac.uk/study/undergraduate/courses/biology-bsc-hons-c100/index.html]
[www.lancaster.ac.uk/study/undergraduate/courses/biology-placement-year-bsc-hons-c104/index.html]
[www.lancaster.ac.uk/study/undergraduate/courses/biology-msci-hons-1m66/index.html]
[www.lancaster.ac.uk/study/undergraduate/courses/biology-study-abroad-bsc-hons-c105/index.html]
[www.lancaster.ac.uk/media/lancaster-university/content-assets/images/study/students-in-lecture-arrow-image.jpg]
[www.lancaster.ac.uk/study/undergraduate/courses/biology-with-psychology-bsc-hons-c1c8/index.html]
[www.lancaster.ac.uk/study/undergraduate/courses/biology-with-psychology-placement-year-bsc-hons-c1c9/index.html]
[www.lancaster.ac.uk/study/undergraduate/courses/zoology-bsc-hons-c300/index.html]
[www.lancaster.ac.uk/study/undergraduate/courses/zoology-placement-year-bsc-hons-c302/index.html]
[www.lancaster.ac.uk/study/undergraduate/courses/zoology-study-abroad-bsc-hons-c304/index.html]
[www.lancaster.ac.uk/study/undergraduate/courses/biomedical-science-bsc-hons-b990/index.html]
[www.lancaster.ac.uk/study/undergraduate/courses/biomedicine-bsc-hons-c701/index.html]
[www.lancaster.ac.uk/media/lancaster-university/content-assets/images/study/student-reading-in-standard-room-arrow-image.jpg]
[www.lancaster.ac.uk/study/undergraduate/courses/biomedicine-msci-hons-c703/index.html]
[www.lancaster.ac.uk/study/undergraduate/courses/biomedicine-placement-year-bsc-hons-c708/index.html]
[www.lancaster.ac.uk/study/undergraduate/courses/biomedicine-study-abroad-bsc-hons-c709/index.html]
[www.lancaster.ac.uk/study/undergraduate/courses/business-analytics-industry-bsc-hons-n1n3/index.html]
[www.lancaster.ac.uk/study/undergraduate/courses/business-analytics-bsc-hons-n2n1/index.html]
[www.lancaster.ac.uk/study/undergraduate/courses/business-analytics-study-abroad-bsc-hons-n1n4/index.html]
[www.lancaster.ac.uk/study/undergraduate/courses/mathematics-operational-research-statistics-and-economics-morse-bsc-hons-gln0/index.html]
[www.lancaster.ac.uk/media/lancaster-university/content-assets/images/study/students-writing-at-desks-arrow.jpg]
[www.lancaster.ac.uk/study/undergraduate/courses/mathematics-operational-research-statistics-and-economics-morse-industry-bsc-hons-gln1/index.html]
[www.lancaster.ac.uk/study/undergraduate/courses/chemical-engineering-beng-hons-h800/index.html]
[www.lancaster.ac.uk/study/results/index.html]
[www.lancaster.ac.uk/study/undergraduate/courses/chemical-engineering-meng-hons-h811/index.html]
[www.lancaster.ac.uk/study/undergraduate/courses/chemical-engineering-study-abroad-beng-hons-h812/index.html]
[www.lancaster.ac.uk/study/undergraduate/courses/chemistry-bsc-hons-f100/index.html]
[www.lancaster.ac.uk/study/undergraduate/courses/chemistry-mchem-hons-f101/index.html]
[www.lancaster.ac.uk/study/undergraduate/courses/chemistry-study-abroad-mchem-hons-f1t7/index.html]
[www.lancaster.ac.uk/media/lancaster-university/content-assets/images/home-page/accommodation-students-on-bed-hero-1600x600.jpg]
[www.lancaster.ac.uk/study/undergraduate/courses/computer-science-bsc-hons-g400/index.html]
[www.lancaster.ac.uk/study/undergraduate/courses/computer-science-study-abroad-bsc-hons-g403/index.html]
[www.lancaster.ac.uk/study/undergraduate/courses/computer-science-with-industrial-experience-msci-hons-g404/index.html]
[www.lancaster.ac.uk/media/lancaster-university/content-assets/images/lica/featureboxes-550px/campus-tour-650.jpg]
[www.lancaster.ac.uk/study/undergraduate/courses/computer-science-and-mathematics-bsc-hons-gg14/index.html]
[www.lancaster.ac.uk/study/undergraduate/courses/computer-science-and-mathematics-msci-hons-gg1k/index.html]
[www.lancaster.ac.uk/study/undergraduate/courses/computer-science-and-mathematics-placement-year-bsc-hons-gg1l/index.html]
[www.lancaster.ac.uk/study/undergraduate/courses/cyber-security-bsc-hons-i900/index.html]
[www.lancaster.ac.uk/study/undergraduate/courses/cyber-security-study-abroad-bsc-hons-i901/index.html]
[www.lancaster.ac.uk/study/undergraduate/courses/cyber-security-with-industrial-experience-msci-hons-i902/index.html]
[www.lancaster.ac.uk/study/undergraduate/courses/data-science-bsc-hons-g900/index.html]
[www.lancaster.ac.uk/media/lancaster-university/content-assets/images/international/campuses/leipzigcoffeeshopbrandedhoodiehero.jpg]
[www.lancaster.ac.uk/study/clearing/index.html]
[www.lancaster.ac.uk/study/undergraduate/courses/data-science-placement-year-bsc-hons-g901/index.html]
[www.lancaster.ac.uk/study/undergraduate/courses/data-science-with-industrial-experience-msci-g903/index.html]
[www.lancaster.ac.uk/study/undergraduate/courses/data-science-study-abroad-bsc-hons-g902/index.html]
[www.lancaster.ac.uk/study/undergraduate/courses/german-studies-and-computing-bsc-hons-gr42/index.html]
[www.lancaster.ac.uk/study/undergraduate/courses/french-studies-and-computing-bsc-hons-gr41/index.html]
[www.lancaster.ac.uk/study/undergraduate/courses/management-and-information-technology-bsc-hons-gn51/index.html]
[www.lancaster.ac.uk/study/undergraduate/courses/management-and-information-technology-industry-bsc-hons-gn52/index.html]
[www.lancaster.ac.uk/media/lancaster-university/content-assets/images/study/open-days/lancaster21_0074.jpg]
[www.lancaster.ac.uk/study/undergraduate/courses/software-engineering-bsc-hons-g602/index.html]
[www.lancaster.ac.uk/study/undergraduate/courses/software-engineering-study-abroad-bsc-hons-g603/index.html]
[www.lancaster.ac.uk/study/undergraduate/courses/software-engineering-with-industrial-experience-msci-hons-g601/index.html]
[www.lancaster.ac.uk/media/lancaster-university/content-assets/images/study/open-days/lancaster21_0144.jpg]
[www.lancaster.ac.uk/study/undergraduate/courses/spanish-studies-and-computing-bsc-hons-gr44/index.html]
[www.lancaster.ac.uk/study/undergraduate/courses/criminology-placement-year-ba-hons-m931/index.html]
[www.lancaster.ac.uk/study/undergraduate/courses/criminology-ba-hons-m930/index.html]
[www.lancaster.ac.uk/media/lancaster-university/content-assets/images/study/open-days/fassday2_0945.jpg]
[www.lancaster.ac.uk/study/undergraduate/courses/criminology-and-french-studies-ba-hons-mr91/index.html]
[www.lancaster.ac.uk/study/undergraduate/courses/criminology-and-law-ba-hons-mm13/index.html]
[www.lancaster.ac.uk/study/undergraduate/courses/criminology-and-psychology-ba-hons-cl86/index.html]
[www.lancaster.ac.uk/media/lancaster-university/content-assets/images/study/open-days/77492.jpg]
[www.lancaster.ac.uk/study/undergraduate/courses/criminology-and-sociology-ba-hons-lm39/index.html]
[www.lancaster.ac.uk/study/undergraduate/courses/criminology-and-sociology-placement-year-ba-hons-lm40/index.html]
[www.lancaster.ac.uk/study/undergraduate/courses/design-ba-hons-w281/index.html]
[www.lancaster.ac.uk/media/lancaster-university/content-assets/images/study/open-days/210732286_3484684334968098_8449523724603617731_n.jpg]
[www.lancaster.ac.uk/study/undergraduate/courses/design-study-abroad-ba-hons-w283/index.html]
[www.lancaster.ac.uk/study/undergraduate/courses/design-placement-year-ba-hons-w282/index.html]
[www.lancaster.ac.uk/study/undergraduate/courses/fine-art-and-design-ba-hons-w1w2/index.html]
[www.lancaster.ac.uk/study/open-days/undergraduate-open-days/index.html]
[www.lancaster.ac.uk/study/undergraduate/courses/fine-art-and-design-placement-year-ba-hons-w1w3/index.html]
[www.lancaster.ac.uk/study/undergraduate/courses/drama-theatre-and-performance-placement-year-ba-hons-w441/index.html]
[www.lancaster.ac.uk/study/undergraduate/courses/marketing-and-design-bsc-hons-nw52/index.html]
[www.lancaster.ac.uk/study/undergraduate/courses/drama-theatre-and-performance-ba-hons-w440/index.html]
[www.lancaster.ac.uk/study/undergraduate/courses/drama-theatre-and-performance-study-abroad-ba-hons-w442/index.html]
[www.lancaster.ac.uk/study/undergraduate/courses/film-and-theatre-study-abroad-ba-hons-pw36/index.html]
[www.lancaster.ac.uk/study/undergraduate/courses/film-and-theatre-placement-year-ba-hons-pw35/index.html]
[www.lancaster.ac.uk/study/undergraduate/courses/film-and-theatre-ba-hons-pw34/index.html]
[www.lancaster.ac.uk/media/lancaster-university/content-assets/images/study/why-lancaster/Jumbo600-StudentsatBarkerHouseFarm-1a.jpg]
[www.lancaster.ac.uk/study/undergraduate/courses/fine-art-and-theatre-placement-year-ba-hons-ww17/index.html]
[www.lancaster.ac.uk/study/undergraduate/courses/fine-art-and-theatre-ba-hons-ww14/index.html]
[www.lancaster.ac.uk/study/undergraduate/courses/fine-art-and-theatre-study-abroad-ba-hons-ww13/index.html]
[www.lancaster.ac.uk/study/undergraduate/courses/french-studies-and-theatre-ba-hons-wr41/index.html]
[www.lancaster.ac.uk/study/undergraduate/courses/spanish-studies-and-theatre-ba-hons-wr44/index.html]
[www.lancaster.ac.uk/study/undergraduate/courses/theatre-and-chinese-studies-ba-hons-w4t1/index.html]
[www.lancaster.ac.uk/study/undergraduate/courses/german-studies-and-theatre-ba-hons-wr42/index.html]
[www.lancaster.ac.uk/study/connect/events/digital-undergraduate-open-event-three-days-of-lancaster-2022-10-26-10-00.html]
[www.lancaster.ac.uk/study/undergraduate/courses/theatre-and-creative-writing-ba-hons-ww48/index.html]
[www.lancaster.ac.uk/study/undergraduate/courses/theatre-and-creative-writing-placement-year-ba-hons-ww49/index.html]
[www.lancaster.ac.uk/study/undergraduate/courses/theatre-and-creative-writing-study-abroad-ba-hons-ww50/index.html]
[www.lancaster.ac.uk/study/undergraduate/courses/theatre-and-english-literature-ba-hons-wq43/index.html]
[www.lancaster.ac.uk/study/connect/events/live-stream-campus-tour-19th-october.html]
[www.lancaster.ac.uk/study/undergraduate/courses/theatre-and-english-literature-placement-year-ba-hons-wq44/index.html]
[www.lancaster.ac.uk/study/undergraduate/courses/theatre-and-english-literature-study-abroad-ba-hons-wq45/index.html]
[www.lancaster.ac.uk/study/connect/events/live-stream-campus-tour-9th-november.html]
[www.lancaster.ac.uk/study/undergraduate/courses/ecology-and-conservation-bsc-hons-c180/index.html]
[www.lancaster.ac.uk/study/undergraduate/courses/ecology-and-conservation-professional-experience-msci-hons-0x48/index.html]
[www.lancaster.ac.uk/study/undergraduate/courses/ecology-and-conservation-placement-year-bsc-hons-c181/index.html]
[www.lancaster.ac.uk/study/connect/events/live-stream-campus-tour-29th-november.html]
[www.lancaster.ac.uk/study/undergraduate/courses/ecology-and-conservation-study-abroad-bsc-hons-c183/index.html]
[www.lancaster.ac.uk/study/undergraduate/courses/business-economics-industry-bsc-hons-4v11/index.html]
[www.lancaster.ac.uk/study/undergraduate/courses/economics-ba-hons-l110/index.html]
[www.lancaster.ac.uk/study/connect/events/international-students-entry-requirements-applying-and-support.html]
[www.lancaster.ac.uk/study/undergraduate/courses/economics-bsc-hons-l100/index.html]
[www.lancaster.ac.uk/study/undergraduate/courses/economics-industry-ba-hons-l111/index.html]
[www.lancaster.ac.uk/study/undergraduate/courses/economics-industry-bsc-hons-l105/index.html]
[www.lancaster.ac.uk/study/connect/events/welcome-and-introduction-to-postgraduate-study-2022-11-01-17-30.html]
[www.lancaster.ac.uk/study/undergraduate/courses/economics-study-abroad-bsc-hons-l101/index.html]
[www.lancaster.ac.uk/study/undergraduate/courses/economics-and-mathematics-industry-bsc-hons-gl12/index.html]
[www.lancaster.ac.uk/study/connect/events/an-introduction-to-lancaster-university-management-school.html]
[www.lancaster.ac.uk/study/undergraduate/courses/economics-and-mathematics-bsc-hons-gl11/index.html]
[www.lancaster.ac.uk/study/undergraduate/courses/economics-politics-and-international-relations-ba-hons-ll22/index.html]
[www.lancaster.ac.uk/study/undergraduate/courses/geography-and-economics-ba-hons-ll71/index.html]
[www.lancaster.ac.uk/study/undergraduate/courses/philosophy-politics-and-economics-ba-hons-l0v0/index.html]
[www.lancaster.ac.uk/study/undergraduate/courses/philosophy-politics-and-economics-placement-year-ba-hons-l0v1/index.html]
[www.lancaster.ac.uk/study/undergraduate/courses/electronic-and-electrical-engineering-beng-hons-h607/index.html]
[www.lancaster.ac.uk/study/connect/events/postgraduate-live-stream-campus-tour-1st-november-2022-11-01-11-00.html]
[www.lancaster.ac.uk/study/undergraduate/courses/electronic-and-electrical-engineering-study-abroad-beng-h608/index.html]
[www.lancaster.ac.uk/study/undergraduate/courses/electronic-and-electrical-engineering-meng-hons-h606/index.html]
[www.lancaster.ac.uk/study/undergraduate/courses/engineering-beng-hons-h100/index.html]
[www.lancaster.ac.uk/study/undergraduate/courses/engineering-meng-hons-h102/index.html]
[www.lancaster.ac.uk/study/connect/events/an-introduction-to-the-distance-learning-creative-writing-programme-at-lancaster-2022-11-03-18-00-2.ca.delayed]
[www.lancaster.ac.uk/study/undergraduate/courses/engineering-study-abroad-meng-hons-h104/index.html]
[www.lancaster.ac.uk/study/undergraduate/courses/engineering-study-abroad-beng-hons-h103/index.html]
[www.lancaster.ac.uk/study/undergraduate/courses/mechanical-engineering-beng-hons-h300/index.html]
[www.lancaster.ac.uk/study/undergraduate/courses/mechanical-engineering-meng-hons-h303/index.html]
[www.lancaster.ac.uk/study/connect/events/linguistics-and-english-language-taster-session-forensic-linguistics-2021-12-08-13-30.html]
[www.lancaster.ac.uk/study/undergraduate/courses/mechanical-engineering-study-abroad-beng-hons-h305/index.html]
[www.lancaster.ac.uk/study/undergraduate/courses/mechatronic-engineering-beng-hons-hh63/index.html]
[www.lancaster.ac.uk/study/undergraduate/courses/mechatronic-engineering-meng-hons-hhh6/index.html]
[www.lancaster.ac.uk/media/lancaster-university/content-assets/images/study/undergraduate/FeatureBox-StudentsbyEngineeringbuilding.jpg]
[www.lancaster.ac.uk/study/undergraduate/courses/mechatronic-engineering-study-abroad-beng-hons-hh64/index.html]
[www.lancaster.ac.uk/study/connect/index.html]
[www.lancaster.ac.uk/study/undergraduate/courses/nuclear-engineering-beng-hons-h820/index.html]
[www.lancaster.ac.uk/study/undergraduate/courses/nuclear-engineering-meng-hons-h821/index.html]
[www.google.com/recaptcha/enterprise86d6.js]
[www.lancaster.ac.uk/study/undergraduate/courses/nuclear-engineering-study-abroad-beng-hons-h822/index.html]
[www.lancaster.ac.uk/study/undergraduate/courses/english-language-ba-hons-q304/index.html]
[www.lancaster.ac.uk/study/undergraduate/courses/english-language-placement-year-ba-hons-q305/index.html]
[lancaster.tfaforms.net/dist/form-builder/5.0.0/wforms-layoutc925.css]
[www.lancaster.ac.uk/study/undergraduate/courses/english-language-study-abroad-ba-hons-q311/index.html]
[lancaster.tfaforms.net/uploads/themes/theme-24.css]
[www.lancaster.ac.uk/study/undergraduate/courses/english-language-and-chinese-studies-ba-hons-tq13/index.html]
[www.lancaster.ac.uk/study/undergraduate/courses/english-language-and-creative-writing-ba-hons-q3wv/index.html]
[www.lancaster.ac.uk/study/undergraduate/courses/english-language-and-creative-writing-placement-year-ba-hons-q4wv/index.html]
[www.lancaster.ac.uk/study/undergraduate/courses/english-language-and-creative-writing-study-abroad-ba-hons-q5wv/index.html]
[lancaster.tfaforms.net/dist/form-builder/5.0.0/wforms-jsonlyc925.css]
[www.lancaster.ac.uk/study/undergraduate/courses/english-language-and-french-studies-ba-hons-qr31/index.html]
[lancaster.tfaforms.net/wForms/3.11/js/wformsc925.js]
[www.lancaster.ac.uk/study/undergraduate/courses/english-language-and-german-studies-ba-hons-qr32/index.html]
[www.lancaster.ac.uk/study/undergraduate/courses/english-language-and-linguistics-ba-hons-qqc3/index.html]
[lancaster.tfaforms.net/wForms/3.11/js/localization-en_GBc925.js]
[lanca11210.pcapredict.com/js/sensor.js]
[www.lancaster.ac.uk/study/undergraduate/courses/english-language-and-linguistics-placement-year-ba-hons-qqc4/index.html]
[www.lancaster.ac.uk/study/undergraduate/courses/english-language-and-linguistics-study-abroad-ba-hons-qqc6/index.html]
[www.lancaster.ac.uk/study/undergraduate/courses/english-language-and-literature-ba-hons-q302/index.html]
[www.lancaster.ac.uk/media/lancaster-university/content-assets/documents/prospectus/lancaster-ug-prospectus.pdf]
[www.lancaster.ac.uk/study/undergraduate/courses/english-language-and-literature-placement-year-ba-hons-q303/index.html]
[www.lancaster.ac.uk/study/undergraduate/courses/english-language-and-literature-study-abroad-ba-hons-q306/index.html]
[www.lancaster.ac.uk/study/undergraduate/courses/english-language-and-spanish-studies-ba-hons-qr34/index.html]
[www.lancaster.ac.uk/study/undergraduate/courses/english-language-in-the-media-ba-hons-qp33/index.html]
[www.lancaster.ac.uk/media/lancaster-university/content-assets/documents/prospectus/lancaster-pg-prospectus.pdf]
[www.lancaster.ac.uk/study/undergraduate/courses/english-language-in-the-media-placement-year-ba-hons-qp34/index.html]
[www.lancaster.ac.uk/prospectus/index.html]
[www.lancaster.ac.uk/study/undergraduate/courses/english-language-in-the-media-study-abroad-ba-hons-qp35/index.html]
[www.lancaster.ac.uk/study/undergraduate/courses/french-studies-and-linguistics-ba-hons-qr11/index.html]
[www.lancaster.ac.uk/study/undergraduate/courses/german-studies-and-linguistics-ba-hons-qr12/index.html]
[www.lancaster.ac.uk/media/lancaster-university/content-assets/documents/study/lancaster-university-student-contract-2023-2024.pdf]
[www.lancaster.ac.uk/study/undergraduate/courses/linguistics-ba-hons-q100/index.html]
[www.lancaster.ac.uk/media/lancaster-university/content-assets/documents/study/lancaster-university-student-contract-2022-2023.pdf]
[www.lancaster.ac.uk/study/undergraduate/courses/linguistics-placement-year-ba-hons-q101/index.html]
[www.lancaster.ac.uk/media/lancaster-university/content-assets/documents/study/lancaster-university-student-contract-2021-2022.pdf]
[www.lancaster.ac.uk/study/undergraduate/courses/linguistics-study-abroad-ba-hons-q103/index.html]
[www.lancaster.ac.uk/study/undergraduate/courses/linguistics-and-philosophy-ba-hons-qv15/index.html]
[www.lancaster.ac.uk/media/lancaster-university/content-assets/documents/strategic-planning--governance/publication-scheme/5-our-policies-and-procedures/Admissions-Policy.pdf]
[www.lancaster.ac.uk/study/undergraduate/courses/linguistics-and-philosophy-placement-year-ba-hons-qv16/index.html]
[www.lancaster.ac.uk/study/undergraduate/courses/linguistics-and-philosophy-study-abroad-ba-hons-qv17/index.html]
[www.lancaster.ac.uk/media/lancaster-university/content-assets/documents/admissions/Applicant-Appeals-Complaints-and-Feedback-Policy.pdf]
[www.lancaster.ac.uk/study/undergraduate/courses/psychology-and-linguistics-ba-hons-cq81/index.html]
[www.lancaster.ac.uk/study/undergraduate/courses/spanish-studies-and-linguistics-ba-hons-qr14/index.html]
[www.lancaster.ac.uk/media/lancaster-university/content-assets/documents/study/undergraduate/RefundandReimbursementPolicy.pdf]
[www.lancaster.ac.uk/study/undergraduate/courses/chinese-studies-and-english-literature-ba-hons-t1q3/index.html]
[www.lancaster.ac.uk/study/undergraduate/courses/english-literature-ba-hons-q300/index.html]
[www.lancaster.ac.uk/study/undergraduate/courses/english-literature-placement-year-ba-hons-q301/index.html]
[www.lancaster.ac.uk/media/lancaster-university/content-assets/documents/study/undergraduate/LancasterUniversityStudentProtectionPlan.pdf]
[www.lancaster.ac.uk/study/undergraduate/courses/english-literature-study-abroad-ba-hons-q307/index.html]
[www.lancaster.ac.uk/study/undergraduate/courses/english-literature-and-creative-writing-ba-hons-qw38/index.html]
[www.lancaster.ac.uk/study/undergraduate/courses/english-literature-and-creative-writing-placement-year-ba-hons-qw39/index.html]
[www.lancaster.ac.uk/media/lancaster-university/content-assets/documents/sports/MembershipTCs2020.pdf]
[www.lancaster.ac.uk/study/undergraduate/courses/english-literature-and-creative-writing-study-abroad-ba-hons-qw40/index.html]
[www.lancaster.ac.uk/study/important-information/terms-and-conditions-for-students/index.html]
[www.lancaster.ac.uk/study/undergraduate/courses/english-literature-and-philosophy-ba-hons-qv35/index.html]
[www.lancaster.ac.uk/study/undergraduate/courses/english-literature-and-history-placement-year-ba-hons-qv32/index.html]
[www.lancaster.ac.uk/study/undergraduate/courses/english-literature-and-history-ba-hons-qv31/index.html]
[www.lancaster.ac.uk/study/undergraduate/courses/english-literature-and-philosophy-placement-year-ba-hons-qv34/index.html]
[www.lancaster.ac.uk/media/lancaster-university/content-assets/images/study/undergraduate/Jumbo-ConfuciusCentre.jpg]
[www.lancaster.ac.uk/study/undergraduate/courses/english-literature-with-creative-writing-placement-year-ba-hons-q3w9/index.html]
[www.lancaster.ac.uk/study/undergraduate/courses/english-literature-with-creative-writing-ba-hons-q3w8/index.html]
[www.lancaster.ac.uk/study/undergraduate/courses/english-literature-with-creative-writing-study-abroad-ba-hons-q3w7/index.html]
[www.lancaster.ac.uk/media/lancaster-university/content-assets/images/study/undergraduate/2020-kai-arrow.jpg]
[www.lancaster.ac.uk/study/undergraduate/courses/film-and-creative-writing-ba-hons-pw38/index.html]
[www.lancaster.ac.uk/study/postgraduate/index.html]
[www.lancaster.ac.uk/study/undergraduate/courses/film-and-creative-writing-placement-year-ba-hons-pw39/index.html]
[www.lancaster.ac.uk/study/undergraduate/courses/film-and-creative-writing-study-abroad-ba-hons-pw40/index.html]
[www.lancaster.ac.uk/study/undergraduate/courses/film-and-english-literature-ba-hons-pq33/index.html]
[www.lancaster.ac.uk/study/undergraduate/courses/film-and-english-literature-placement-year-ba-hons-pq34/index.html]
[www.lancaster.ac.uk/study/undergraduate/courses/film-and-english-literature-study-abroad-ba-hons-pq35/index.html]
[www.lancaster.ac.uk/study/undergraduate/courses/fine-art-and-creative-writing-ba-hons-ww18/index.html]
[www.lancaster.ac.uk/media/lancaster-university/content-assets/images/study/pg/postgraduate-engineering-group-hero-image.e3.delayed]
[www.lancaster.ac.uk/study/postgraduate/postgraduate-courses/index.html]
[www.lancaster.ac.uk/study/undergraduate/courses/fine-art-and-creative-writing-study-abroad-ba-hons-ww20/index.html]
[www.lancaster.ac.uk/study/undergraduate/courses/fine-art-and-creative-writing-placement-year-ba-hons-ww19/index.html]
[www.lancaster.ac.uk/study/undergraduate/courses/french-studies-and-english-literature-ba-hons-rq13/index.html]
[www.lancaster.ac.uk/study/undergraduate/courses/german-studies-and-english-literature-ba-hons-rq23/index.html]
[www.lancaster.ac.uk/media/lancaster-university/content-assets/images/study/undergraduate/JumboXL-Studentinlibraryonlaptop.jpg]
[www.lancaster.ac.uk/study/undergraduate/courses/spanish-studies-and-english-literature-ba-hons-rq43/index.html]
[www.lancaster.ac.uk/study/postgraduate/online-courses/index.html]
[www.lancaster.ac.uk/study/undergraduate/courses/earth-and-environmental-science-bsc-hons-ff68/index.html]
[www.lancaster.ac.uk/study/undergraduate/courses/earth-and-environmental-science-msci-hons-4r71/index.html]
[www.lancaster.ac.uk/study/undergraduate/courses/earth-and-environmental-science-placement-year-bsc-hons-ff78/index.html]
[www.lancaster.ac.uk/study/undergraduate/courses/earth-and-environmental-science-study-abroad-bsc-hons-ff7v/index.html]
[lancaster.tfaforms.net/dist/form-builder/5.0.0/wforms-layoute792.css]
[www.lancaster.ac.uk/study/undergraduate/courses/earth-and-environmental-science-study-abroad-msci-hons-ff86/index.html]
[lancaster.tfaforms.net/dist/form-builder/5.0.0/wforms-jsonlye792.css]
[www.lancaster.ac.uk/study/undergraduate/courses/environmental-science-bsc-hons-f750/index.html]
[www.lancaster.ac.uk/study/undergraduate/courses/environmental-science-msci-hons-f850/index.html]
[lancaster.tfaforms.net/wForms/3.11/js/wformse792.js]
[www.lancaster.ac.uk/study/undergraduate/courses/environmental-science-study-abroad-bsc-hons-f756/index.html]
[www.lancaster.ac.uk/study/undergraduate/courses/environmental-science-placement-year-bsc-hons-f752/index.html]
[lancaster.tfaforms.net/wForms/3.11/js/localization-en_GBe792.js]
[www.lancaster.ac.uk/study/postgraduate/applying-for-postgraduate-study/index.html]
[www.lancaster.ac.uk/study/undergraduate/courses/environmental-science-study-abroad-msci-hons-f851/index.html]
[www.lancaster.ac.uk/study/undergraduate/courses/film-and-philosophy-ba-hons-pv35/index.html]
[www.lancaster.ac.uk/study/postgraduate/after-you-apply/index.html]
[www.lancaster.ac.uk/study/undergraduate/courses/film-and-philosophy-placement-year-ba-hons-pv36/index.html]
[www.lancaster.ac.uk/study/undergraduate/courses/film-and-philosophy-study-abroad-ba-hons-pv37/index.html]
[www.lancaster.ac.uk/study/undergraduate/courses/film-and-sociology-ba-hons-pl33/index.html]
[www.lancaster.ac.uk/media/lancaster-university/content-assets/images/colleges/lugrad/students-walking-lec-courtyard-hero.jpg]
[www.lancaster.ac.uk/study/undergraduate/courses/film-and-sociology-placement-year-ba-hons-pl34/index.html]
[www.lancaster.ac.uk/study/undergraduate/courses/film-studies-ba-hons-p303/index.html]
[www.lancaster.ac.uk/study/undergraduate/courses/film-and-sociology-study-abroad-ba-hons-pl35/index.html]
[www.lancaster.ac.uk/study/open-days/postgraduate-open-days/index.html]
[www.lancaster.ac.uk/study/undergraduate/courses/film-studies-study-abroad-ba-hons-p305/index.html]
[www.lancaster.ac.uk/study/undergraduate/courses/film-studies-placement-year-ba-hons-p304/index.html]
[www.lancaster.ac.uk/study/undergraduate/courses/film-media-and-cultural-studies-ba-hons-pl36/index.html]
[www.lancaster.ac.uk/study/undergraduate/courses/film-media-and-cultural-studies-placement-year-ba-hons-pl37/index.html]
[www.lancaster.ac.uk/media/lancaster-university/content-assets/images/foundation/masthead/pg-research-masthead.jpg]
[www.lancaster.ac.uk/study/undergraduate/courses/fine-art-and-film-ba-hons-wp13/index.html]
[www.lancaster.ac.uk/study/postgraduate-research/index.html]
[www.lancaster.ac.uk/study/undergraduate/courses/film-media-and-cultural-studies-study-abroad-ba-hons-pl38/index.html]
[www.lancaster.ac.uk/study/undergraduate/courses/fine-art-and-film-placement-year-ba-hons-wp14/index.html]
[www.lancaster.ac.uk/study/postgraduate/writing-a-research-proposal/index.html]
[www.lancaster.ac.uk/study/undergraduate/courses/fine-art-and-film-study-abroad-ba-hons-wp15/index.html]
[www.lancaster.ac.uk/study/undergraduate/courses/french-studies-and-film-ba-hons-r1p3/index.html]
[www.lancaster.ac.uk/study/undergraduate/courses/german-studies-and-film-ba-hons-r2p3/index.html]
[www.lancaster.ac.uk/study/undergraduate/courses/spanish-studies-and-film-ba-hons-r4p3/index.html]
[www.lancaster.ac.uk/study/postgraduate-research/postgraduate-research-training/index.html]
[www.lancaster.ac.uk/study/undergraduate/courses/fine-art-ba-hons-w100/index.html]
[www.lancaster.ac.uk/study/undergraduate/courses/fine-art-study-abroad-ba-hons-w102/index.html]
[www.lancaster.ac.uk/study/undergraduate/courses/fine-art-placement-year-ba-hons-w101/index.html]
[www.lancaster.ac.uk/study/undergraduate/courses/fine-art-and-design-study-abroad-ba-hons-w1w4/index.html]
[www.lancaster.ac.uk/study/entry-requirements/index.html]
[www.lancaster.ac.uk/study/undergraduate/courses/french-studies-and-geography-ba-hons-lr71/index.html]
[www.lancaster.ac.uk/study/undergraduate/courses/geography-bsc-hons-f800/index.html]
[www.lancaster.ac.uk/study/undergraduate/courses/geography-ba-hons-l700/index.html]
[www.lancaster.ac.uk/study/undergraduate/courses/geography-marts-hons-l702/index.html]
[www.lancaster.ac.uk/study/undergraduate/courses/geography-msci-hons-4r61/index.html]
[unpkg.com/vue@2.2.4/dist/vue.min.js]
[www.lancaster.ac.uk/study/undergraduate/courses/geography-placement-year-ba-hons-l704/index.html]
[www.lancaster.ac.uk/study/undergraduate/courses/geography-placement-year-bsc-hons-f803/index.html]
[www.lancaster.ac.uk/media/wdp/style-assets/javascript/compiled/jspm/international-qualifications-list.bundleff0d.js]
[www.lancaster.ac.uk/study/entry-requirements/undergraduate-qualifications/index.html]
[www.lancaster.ac.uk/study/undergraduate/courses/geography-professional-experience-msci-hons-4r60/index.html]
[www.lancaster.ac.uk/study/undergraduate/courses/geography-study-abroad-ba-hons-l705/index.html]
[www.lancaster.ac.uk/study/entry-requirements/undergraduate-english-requirements/index.html]
[www.lancaster.ac.uk/study/undergraduate/courses/geography-study-abroad-bsc-hons-f804/index.html]
[www.lancaster.ac.uk/study/undergraduate/courses/geography-study-abroad-marts-hons-l703/index.html]
[www.lancaster.ac.uk/study/entry-requirements/postgraduate-qualifications/index.html]
[www.lancaster.ac.uk/study/undergraduate/courses/geography-study-abroad-msci-hons-4r62/index.html]
[www.lancaster.ac.uk/study/undergraduate/courses/german-studies-and-geography-ba-hons-lr72/index.html]
[www.lancaster.ac.uk/study/entry-requirements/postgraduate-english-requirements/index.html]
[www.lancaster.ac.uk/study/undergraduate/courses/human-geography-ba-hons-l720/index.html]
[www.lancaster.ac.uk/study/undergraduate/courses/human-geography-placement-year-ba-hons-l723/index.html]
[www.lancaster.ac.uk/study/entry-requirements/pre-sessional-english-language-courses/index.html]
[www.lancaster.ac.uk/study/undergraduate/courses/human-geography-study-abroad-ba-hons-l724/index.html]
[www.lancaster.ac.uk/study/undergraduate/courses/physical-geography-bsc-hons-f840/index.html]
[www.lancaster.ac.uk/study/undergraduate/courses/physical-geography-msci-hons-4r63/index.html]
[www.lancaster.ac.uk/study/undergraduate/courses/physical-geography-placement-year-bsc-hons-f841/index.html]
[www.lancaster.ac.uk/study/undergraduate/courses/physical-geography-study-abroad-bsc-hons-f848/index.html]
[www.lancaster.ac.uk/media/lancaster-university/content-assets/images/landing-pages/college1.jpg]
[www.lancaster.ac.uk/study/undergraduate/courses/physical-geography-study-abroad-msci-hons-4r64/index.html]
[www.lancaster.ac.uk/study/undergraduate/courses/spanish-studies-and-geography-ba-hons-lr74/index.html]
[www.lancaster.ac.uk/study/undergraduate/courses/chinese-studies-and-history-ba-hons-t1v1/index.html]
[www.lancaster.ac.uk/media/lancaster-university/content-assets/images/landing-pages/Hero-OutisdeEngineering.jpg]
[www.lancaster.ac.uk/study/undergraduate/courses/german-studies-and-history-ba-hons-rv21/index.html]
[www.lancaster.ac.uk/study/undergraduate/courses/french-studies-and-history-ba-hons-rv11/index.html]
[www.lancaster.ac.uk/study/undergraduate/courses/history-ba-hons-v100/index.html]
[www.lancaster.ac.uk/media/lancaster-university/content-assets/images/international/careers-page/Westpavilionstudent-44.jpg]
[www.lancaster.ac.uk/study/international-students/index.html]
[www.lancaster.ac.uk/study/undergraduate/courses/history-placement-year-ba-hons-v101/index.html]
[www.lancaster.ac.uk/study/undergraduate/courses/history-study-abroad-ba-hons-v103/index.html]
[www.lancaster.ac.uk/study/undergraduate/courses/history-and-international-relations-ba-hons-vl12/index.html]
[www.lancaster.ac.uk/media/lancaster-university/content-assets/images/study/why-lancaster/graduation-jumbo-banner.jpg]
[www.lancaster.ac.uk/study/undergraduate/courses/history-and-international-relations-placement-year-ba-hons-vl13/index.html]
[www.lancaster.ac.uk/study/undergraduate/courses/history-and-international-relations-study-abroad-ba-hons-vl14/index.html]
[www.lancaster.ac.uk/study/undergraduate/courses/history-and-philosophy-ba-hons-vvc5/index.html]
[www.lancaster.ac.uk/media/lancaster-university/content-assets/images/student-based-services/international/title.jpg]
[www.lancaster.ac.uk/study/undergraduate/courses/history-and-philosophy-placement-year-ba-hons-vvc6/index.html]
[www.lancaster.ac.uk/study/undergraduate/courses/history-and-philosophy-study-abroad-ba-hons-vvc7/index.html]
[www.lancaster.ac.uk/study/undergraduate/courses/history-and-politics-ba-hons-lv21/index.html]
[www.lancaster.ac.uk/media/lancaster-university/content-assets/images/international/two-plus-two-students.jpg]
[www.lancaster.ac.uk/study/undergraduate/courses/history-and-politics-placement-year-ba-hons-lv22/index.html]
[www.lancaster.ac.uk/study/undergraduate/courses/history-and-politics-study-abroad-ba-hons-lv23/index.html]
[www.lancaster.ac.uk/study/undergraduate/courses/history-philosophy-and-politics-ba-hons-v0l0/index.html]
[www.lancaster.ac.uk/media/lancaster-university/content-assets/images/lec/business/Access-our-students-DTC-1.f3.delayed]
[www.lancaster.ac.uk/study/undergraduate/courses/history-philosophy-and-politics-placement-year-ba-hons-v0l1/index.html]
[www.lancaster.ac.uk/study/undergraduate/courses/history-philosophy-and-politics-study-abroad-ba-hons-v0l2/index.html]
[www.lancaster.ac.uk/study/undergraduate/courses/medieval-and-early-modern-studies-ba-hons-v125/index.html]
[www.lancaster.ac.uk/media/lancaster-university/content-assets/images/carousel/home-graduation.jpg]
[www.lancaster.ac.uk/study/undergraduate/courses/medieval-and-early-modern-studies-placement-year-ba-hons-v126/index.html]
[www.lancaster.ac.uk/study/international-students/pathway-programmes/index.html]
[www.lancaster.ac.uk/study/undergraduate/courses/medieval-and-early-modern-studies-study-abroad-ba-hons-v127/index.html]
[www.lancaster.ac.uk/study/undergraduate/courses/management-and-human-resources-bsc-hons-n600/index.html]
[www.lancaster.ac.uk/study/undergraduate/courses/management-and-human-resources-industry-bsc-hons-n602/index.html]
[www.lancaster.ac.uk/media/lancaster-university/content-assets/images/international/global-experiences/HeroImageJumboIncoming1600x6002.jpg]
[www.lancaster.ac.uk/study/undergraduate/courses/management-and-human-resources-study-abroad-bsc-hons-n601/index.html]
[www.lancaster.ac.uk/study/undergraduate/courses/chinese-studies-and-film-ba-hons-t1p3/index.html]
[www.lancaster.ac.uk/study/undergraduate/courses/chinese-studies-and-french-studies-ba-hons-r1t1/index.html]
[www.lancaster.ac.uk/study/undergraduate/courses/chinese-studies-and-german-studies-ba-hons-r2t1/index.html]
[www.lancaster.ac.uk/study/undergraduate/courses/chinese-studies-and-linguistics-ba-hons-t1q1/index.html]
[www.lancaster.ac.uk/study/undergraduate/courses/chinese-studies-and-philosophy-ba-hons-t1v5/index.html]
[www.lancaster.ac.uk/study/undergraduate/courses/chinese-studies-and-mathematics-ba-hons-t1g1/index.html]
[www.lancaster.ac.uk/study/undergraduate/courses/chinese-studies-and-politics-ba-hons-t1l2/index.html]
[www.lancaster.ac.uk/media/wdp/style-assets/javascript/lib/thirdparty/jqueryfancybox/jquery.fancybox3.minf00c.js]
[www.lancaster.ac.uk/study/undergraduate/courses/french-studies-ba-hons-r120/index.html]
[www.lancaster.ac.uk/study/undergraduate/courses/chinese-studies-and-spanish-studies-ba-hons-r4t1/index.html]
[www.lancaster.ac.uk/study/undergraduate/courses/french-studies-and-german-studies-ba-hons-rr12/index.html]
[www.lancaster.ac.uk/media/lancaster-university/content-assets/documents/study/international-students/study-abroad/StudyAbroadBrochure.pdf]
[www.lancaster.ac.uk/study/undergraduate/courses/french-studies-and-mathematics-ba-hons-gr11/index.html]
[www.lancaster.ac.uk/study/international-students/visiting-students/index.html]
[www.lancaster.ac.uk/study/undergraduate/courses/french-studies-and-philosophy-ba-hons-rv15/index.html]
[www.lancaster.ac.uk/study/undergraduate/courses/french-studies-and-politics-ba-hons-rl12/index.html]
[www.lancaster.ac.uk/study/undergraduate/courses/french-studies-and-spanish-studies-ba-hons-rr14/index.html]
[www.lancaster.ac.uk/study/undergraduate/courses/french-studies-with-italian-ba-hons-r1r3/index.html]
[www.lancaster.ac.uk/study/undergraduate/courses/german-studies-ba-hons-r220/index.html]
[www.lancaster.ac.uk/media/lancaster-university/content-assets/images/international/global-experiences/TermsandConditions.pdf]
[www.lancaster.ac.uk/study/undergraduate/courses/german-studies-and-mathematics-ba-hons-gr12/index.html]
[www.lancaster.ac.uk/study/undergraduate/courses/german-studies-and-philosophy-ba-hons-rv25/index.html]
[www.lancaster.ac.uk/study/international-students/global-summer-schools/index.html]
[www.lancaster.ac.uk/study/undergraduate/courses/german-studies-and-politics-ba-hons-rl22/index.html]
[www.lancaster.ac.uk/study/undergraduate/courses/german-studies-and-spanish-studies-ba-hons-rr24/index.html]
[www.lancaster.ac.uk/study/undergraduate/courses/german-studies-with-italian-ba-hons-r2r3/index.html]
[www.lancaster.ac.uk/media/lancaster-university/content-assets/images/international/landing-pages/campusentrance.jpg]
[www.lancaster.ac.uk/study/undergraduate/courses/modern-languages-ba-hons-r800/index.html]
[www.lancaster.ac.uk/study/undergraduate/courses/modern-languages-and-cultures-mlang-hons-r810/index.html]
[www.lancaster.ac.uk/study/international-students/visa-support/index.html]
[www.lancaster.ac.uk/study/undergraduate/courses/psychology-and-chinese-studies-ba-hons-c8t1/index.html]
[www.lancaster.ac.uk/study/undergraduate/courses/psychology-and-french-studies-ba-hons-cr81/index.html]
[www.lancaster.ac.uk/study/undergraduate/courses/psychology-and-german-studies-ba-hons-cr82/index.html]
[www.lancaster.ac.uk/study/undergraduate/courses/psychology-and-spanish-studies-ba-hons-cr84/index.html]
[www.lancaster.ac.uk/media/lancaster-university/content-assets/images/international/global-experiences/SSPCoursePhoto.fb.delayed]
[www.lancaster.ac.uk/study/undergraduate/courses/spanish-studies-ba-hons-r410/index.html]
[www.lancaster.ac.uk/study/international-students/study-start/index.html]
[www.lancaster.ac.uk/study/undergraduate/courses/spanish-studies-and-history-ba-hons-rv41/index.html]
[www.lancaster.ac.uk/study/undergraduate/courses/spanish-studies-and-mathematics-ba-hons-gr14/index.html]
[www.lancaster.ac.uk/study/undergraduate/courses/spanish-studies-and-philosophy-ba-hons-rv45/index.html]
[www.lancaster.ac.uk/study/undergraduate/courses/spanish-studies-and-politics-ba-hons-rl42/index.html]
[www.lancaster.ac.uk/study/undergraduate/courses/law-llb-hons-m100/index.html]
[www.lancaster.ac.uk/study/undergraduate/courses/spanish-studies-with-italian-ba-hons-r4r3/index.html]
[www.lancaster.ac.uk/media/lancaster-university/content-assets/images/international/pre-departure/aerialshotofcampus2.jpg]
[www.lancaster.ac.uk/study/undergraduate/courses/law-clinical-learning-llb-hons-m103/index.html]
[www.lancaster.ac.uk/study/undergraduate/courses/law-international-law-llb-hons-m102/index.html]
[www.lancaster.ac.uk/study/undergraduate/courses/law-placement-year-llb-hons-m104/index.html]
[www.lancaster.ac.uk/study/undergraduate/courses/law-with-criminology-llb-hons-mm12/index.html]
[www.lancaster.ac.uk/study/undergraduate/courses/law-study-abroad-llb-hons-m101/index.html]
[www.lancaster.ac.uk/media/lancaster-university/content-assets/images/international/pre-departure/Travelto.fd.delayed]
[www.lancaster.ac.uk/study/undergraduate/courses/law-with-politics-llb-hons-m1l2/index.html]
[www.lancaster.ac.uk/study/undergraduate/courses/business-management-bsc-hons-n102/index.html]
[www.lancaster.ac.uk/study/undergraduate/courses/business-management-entrepreneurship-bsc-hons-n1n2/index.html]
[www.lancaster.ac.uk/study/undergraduate/courses/business-management-entrepreneurship-study-abroad-bsc-hons-n2n3/index.html]
[www.lancaster.ac.uk/study/undergraduate/courses/business-management-entrepreneurship-industry-bsc-hons-n2n2/index.html]
[www.lancaster.ac.uk/media/lancaster-university/content-assets/images/international/pre-departure/Westpavilionstudent-59.jpg]
[www.lancaster.ac.uk/study/undergraduate/courses/business-management-industry-bsc-hons-n104/index.html]
[www.lancaster.ac.uk/study/undergraduate/courses/business-management-study-abroad-bsc-hons-n103/index.html]
[www.lancaster.ac.uk/study/undergraduate/courses/international-business-management-canada-brock-university-bsc-hons-n202/index.html]
[www.lancaster.ac.uk/media/lancaster-university/content-assets/images/international/pre-departure/frontcover.jpg]
[www.lancaster.ac.uk/study/undergraduate/courses/international-business-management-france-bsc-hons-n2r1/index.html]
[www.lancaster.ac.uk/study/international-students/pre-departure/index.html]
[www.lancaster.ac.uk/study/undergraduate/courses/international-business-management-germany-bsc-hons-n2r2/index.html]
[www.lancaster.ac.uk/study/undergraduate/courses/international-business-management-italy-bsc-hons-n2r3/index.html]
[www.lancaster.ac.uk/study/international-students/find-an-agent/index.html]
[www.lancaster.ac.uk/study/undergraduate/courses/international-business-management-mexico-bsc-hons-n2r5/index.html]
[www.lancaster.ac.uk/study/undergraduate/courses/international-business-management-spain-bsc-hons-n2r4/index.html]
[www.lancaster.ac.uk/study/undergraduate/courses/international-management-bsc-hons-n123/index.html]
[www.lancaster.ac.uk/study/undergraduate/courses/international-management-industry-bsc-hons-n124/index.html]
[www.lancaster.ac.uk/media/lancaster-university/content-assets/images/foundation/masthead/international.jpg]
[www.lancaster.ac.uk/study/undergraduate/courses/international-management-study-abroad-bsc-hons-n125/index.html]
[www.lancaster.ac.uk/study/undergraduate/courses/management-and-french-studies-ba-hons-rn12/index.html]
[www.lancaster.ac.uk/study/undergraduate/courses/management-and-german-studies-ba-hons-rn41/index.html]
